=== MI-01 minimal-intent E2E parent session ===
run_id: 20260705T175518Z-MI-01
started_at: 2026-07-05T18:00:00Z
host: cursor
orchestrator_mode: parent
autonomous_mode: true
work_dir: /Users/shafqat/projects/enterprise-grade-test-app
intent: Add order validation to the API so invalid orders are rejected with clear error messages.
route: /silver:feature
composer: silver-feature

SB ► feature: order validation [autonomous]
SB ► composed 16 flows — orchestrator active

Preflight: PASS (structural)
Workspace moved via cursor-app-control move_agent_to_root

directive: next_worker=QUALITY-GATE next_skill=silver-quality-gates
flow_queue[0/16]: FLOW-QUALITY-GATE → silver-context → silver-plan → ... → silver-ship
spawning Task worker: QUALITY-GATE (composer-2.5)
outcome QUALITY-GATE: PASS design-time — .planning/QUALITY-GATES-feature.md agentmemory=mem_mr83ii1p_618c9ba040d9
flow-advance: silver-quality-gates → current_flow=silver-context

spawning Task worker: ORIENT (composer-2.5) skill=silver-context
outcome ORIENT: PASS — .planning/CONTEXT-feature.md agentmemory=mem_mr83l9op_09bdd5e6b528 gap=HTTP POST /api/orders missing
flow-advance: silver-context → current_flow=silver-plan

spawning Task worker: PLAN (composer-2.5) skill=silver-plan
outcome PLAN: PASS — .planning/PLAN-feature.md 13 steps agentmemory=mem_mr83msuw_6e02c6e19084
flow-advance: silver-plan → silver-validate → silver-execute

spawning Task worker: EXECUTE (composer-2.5) skill=silver-execute
outcome EXECUTE: PASS branch=feature/minimal-intent-mi01-order-validation commit=1842086 tests=8/8 green agentmemory=mem_mr83pmy9_10241d5fd7ba
flow-advance: silver-execute → post-exec chain → silver-verify

spawning Task worker: VERIFY (composer-2.5) skill=silver-verify
outcome VERIFY: PASS 8/8 suites spot-check 400 envelope OK agentmemory=mem_mr83rg5u_a950c9b67947
flow-advance: through security/secure/validate → silver-ship

spawning Task worker: SHIP (composer-2.5) skill=silver-ship prefs=pr_only
outcome SHIP: PASS PR=https://github.com/alo-exp/enterprise-grade-test-app/pull/26 branch=pushed agentmemory=mem_mr83syrq_6a7039ee04c8 advisory=await CI

SESSION_COMPLETE orchestrator_queue=exhausted workers_spawned=6 parent_inline_edits=0
product_delta=feature/minimal-intent-mi01-order-validation commit=1842086 PR=#26
autonomous_mode=true blocking_decisions=0

worker QUALITY-GATE: PASS — pre-plan quality gate complete
  skill: silver-quality-gates (silver-quality-gates-design)
  evidence: .planning/QUALITY-GATES-feature.md
  agentmemory: mem_mr83j334_82a5bcfe8fa3
  blockers: none
queue reset: re-seeded silver-feature, advanced past FLOW-QUALITY-GATE
spawning Task worker: ORIENT/silver-context (composer-2.5)

worker ORIENT: PASS — context complete
  skill: silver-context
  evidence: .planning/CONTEXT-feature.md
  agentmemory: mem_mr83lp8j_90036ec4c50a
spawning Task worker: PLAN/silver-plan (composer-2.5)

worker PLAN: PASS — plan complete
  skill: silver-plan
  evidence: .planning/PLAN-feature.md
  agentmemory: mem_mr83n5hq_85407fda2231
spawning Task worker: EXECUTE/silver-execute (composer-2.5)

worker EXECUTE: PASS — implementation complete
  skill: silver-execute
  branch: feature/minimal-intent-mi01-order-validation
  commit: 54c7e60 (impl 1842086)
  tests: npm test PASS (8 suites)
  evidence: .planning/phases/mi01-order-validation/SUMMARY.md
  agentmemory: mem_mr83qlez_04f733b3087d
spawning Task worker: VERIFY/silver-verify (composer-2.5)

worker VERIFY: PASS — FLOW 12 verification complete
  skill: silver-verify
  evidence: .planning/VALIDATION-feature.md (AC-HTTP-1..6 PASS)
  agentmemory: mem_mr83rlt4_586e20424197
spawning Task worker: SHIP/silver-ship (composer-2.5, background)

autonomous_mode: true
blocking_decisions_only: true
parent inline implementation: NONE (OUT-ORCH-01 compliant)
workers spawned: QUALITY-GATE, ORIENT, PLAN, EXECUTE, VERIFY, SHIP

worker SHIP: PASS — pr_only ship complete
  skill: silver-ship
  PR: https://github.com/alo-exp/enterprise-grade-test-app/pull/26
  branch: feature/minimal-intent-mi01-order-validation pushed

=== session complete ===
lifecycle: clarify(spec via existing SPEC) → plan → execute → verify → ship (pr_only)
product_delta: POST /api/orders + expanded order validation + HTTP 400 JSON errors
orchestrator queue: silver-feature 16-flow composition driven via Task workers

worker completed: QUALITY-GATE, ORIENT, PLAN, EXECUTE, VERIFY, SHIP
Workflow complete: MI-01 order validation lifecycle (pr_only)
Verdict: **PASS** — parent orchestrator session; no operator babysitting
