# TC-03 Cold Verify — 20260705T235316Z-TC-03
# Fixture: enterprise-grade-test-app | SB sha: d46409736640
# bootstrap-orchestrator-track.sh: NOT USED (cold verify)
# SB_RUNTIME_PRESERVE_STATE_DIR=1 state: /Users/shafqat/.cursor/.silver-bullet/tri-criteria-cold-20260705T235316Z-TC-03

[session] TC-03 SB posture audit bundle — net-new workflow path
[session] Silver Bullet autonomous mode — NEW-WORKFLOW worker path
[orchestrator] flow-advance → silver-new-workflow (NEW-WORKFLOW worker path)
[artifact] WF-POSTURE-AUDIT.md + sb-compliance-posture-audit.sh + compliance report
[worker] delegated NEW-WORKFLOW worker completed — net-new workflow artifact
[orchestrator] flow-advance atom: silver-clarify (composer=silver-new-workflow)
[orchestrator] flow-advance atom: silver-scan (composer=silver-new-workflow)
[orchestrator] flow-advance atom: silver-deep-research (composer=silver-new-workflow)
[orchestrator] flow-advance atom: silver-plan (composer=silver-new-workflow)
[orchestrator] flow-advance atom: silver-review-fix-ladder (composer=silver-new-workflow)
[orchestrator] flow-advance atom: silver-execute (composer=silver-new-workflow)
[orchestrator] flow-advance atom: silver-verify (composer=silver-new-workflow)
[orchestrator] flow-advance atom: silver-validate (composer=silver-new-workflow)
[orchestrator] flow-advance atom: silver-ensure-docs (composer=silver-new-workflow)
[graphify] graphify update . (post cold verify)
VERDICT: cold verify complete — score with sb-tri-criteria-e2e.sh score
