2026-06-27T01:24:10Z watch-round2 start 64560
2026-06-27T01:24:10Z starting monitor
2026-06-27T01:24:10Z monitor pid=64695
2026-06-27T01:25:21Z watch-round2 start 86217
2026-06-27T01:25:21Z starting batch rows: 5 6 7 8 9 10 11 12 13 14 15 16 17 18 19 20 21 22
2026-06-27T01:25:21Z batch pid=86235
2026-06-27T01:25:21Z starting monitor
2026-06-27T01:25:21Z monitor pid=86261
passes=4
passes=4
passes=4
passes=4
passes=4
passes=4
passes=4
passes=4
passes=4
passes=4
passes=4
passes=4
passes=4
passes=4
passes=4
passes=4
passes=4
passes=4
passes=4
passes=4
passes=4
passes=4
2026-06-27T02:09:01Z watch-round2 start 62293
2026-06-27T02:09:01Z watch-round2 start 62293
2026-06-27T02:09:01Z starting batch rows: 5 6 7 8 9 10 11 12 13 14 15 16 17 18 19 20 21 22
2026-06-27T02:09:01Z starting batch rows: 5 6 7 8 9 10 11 12 13 14 15 16 17 18 19 20 21 22
2026-06-27T02:09:01Z batch pid=62318
2026-06-27T02:09:01Z batch pid=62318
2026-06-27T02:09:01Z starting monitor
2026-06-27T02:09:01Z starting monitor
2026-06-27T02:09:01Z monitor pid=62411
2026-06-27T02:09:01Z monitor pid=62411
passes=4
passes=4
2026-06-27T02:09:06Z watch-round2 started pid=67048 max=86400s poll=120s
2026-06-27T02:09:06Z adopted batch pid=62318
2026-06-27T02:09:07Z adopted monitor pid=62411
passes=12
passes=12
passes=22
2026-06-27T02:13:01Z running final gates
2026-06-27T02:13:01Z running final gates
All hooks have test coverage.

========================================
  TOTAL: 4308 passed, 6 failed (3/5 suites green)
========================================
ROUND2_COMPLETE passes=22 tests=0 failed ladder=REQUIRED (SB changes) release_tag_ready=Round1_clean
