2026-06-27T04:15:07Z tui-watch started pid=5378 max_runtime=21600s poll=60-120s
2026-06-27T04:15:07Z monitor dead — restarting (no duplicate matrix)
2026-06-27T04:15:07Z monitor restarted pid=5407
2026-06-27T04:15:07Z matrix complete — exiting
2026-06-27T04:15:07Z tui-watch finished issues=0
/Users/shafqat/projects/silver-bullet/repo/scripts/monitor-enterprise-e2e-matrix.sh: line 171: out[@]: unbound variable
2026-06-30T06:32:27Z tui-watch started pid=90930 max_runtime=21600s poll=60-120s
2026-06-30T06:32:27Z matrix complete — exiting
2026-06-30T06:32:27Z tui-watch finished issues=0
2026-06-30T06:33:59Z tui-watch started pid=13237 max_runtime=21600s poll=60-120s
2026-06-30T06:33:59Z matrix complete — exiting
2026-06-30T06:33:59Z tui-watch finished issues=0
2026-06-30T06:35:10Z tui-watch started pid=38891 max_runtime=21600s poll=60-120s
2026-06-30T06:35:10Z matrix complete — exiting
2026-06-30T06:35:10Z tui-watch finished issues=0
2026-06-30T06:36:32Z tui-watch started pid=66501 max_runtime=21600s poll=60-120s
2026-06-30T06:36:32Z matrix complete — exiting
2026-06-30T06:36:32Z tui-watch finished issues=0
2026-06-30T06:37:36Z tui-watch started pid=93260 max_runtime=21600s poll=60-120s
2026-06-30T06:37:36Z matrix complete — exiting
2026-06-30T06:37:36Z tui-watch finished issues=0
2026-06-30T06:38:44Z tui-watch started pid=19848 max_runtime=21600s poll=60-120s
2026-06-30T06:38:44Z matrix complete — exiting
2026-06-30T06:38:44Z tui-watch finished issues=0
2026-06-30T06:40:10Z tui-watch started pid=42120 max_runtime=21600s poll=60-120s
2026-06-30T06:40:10Z matrix complete — exiting
2026-06-30T06:40:10Z tui-watch finished issues=0
2026-06-30T06:41:16Z tui-watch started pid=44519 max_runtime=21600s poll=60-120s
2026-06-30T06:41:16Z matrix complete — exiting
2026-06-30T06:41:16Z tui-watch finished issues=0
2026-06-30T06:42:30Z tui-watch started pid=50945 max_runtime=21600s poll=60-120s
2026-06-30T06:42:30Z matrix complete — exiting
2026-06-30T06:42:30Z tui-watch finished issues=0
2026-06-30T07:06:01Z tui-watch started pid=67263 max_runtime=21600s poll=60-120s
2026-06-30T07:06:01Z matrix complete — exiting
2026-06-30T07:06:01Z tui-watch finished issues=0
2026-06-30T07:07:03Z tui-watch started pid=13611 max_runtime=21600s poll=60-120s
2026-06-30T07:07:03Z matrix complete — exiting
2026-06-30T07:07:03Z tui-watch finished issues=0
2026-06-30T07:08:11Z tui-watch started pid=66478 max_runtime=21600s poll=60-120s
2026-06-30T07:08:12Z matrix complete — exiting
2026-06-30T07:08:12Z tui-watch finished issues=0
2026-06-30T07:09:22Z tui-watch started pid=9613 max_runtime=21600s poll=60-120s
2026-06-30T07:09:22Z matrix complete — exiting
2026-06-30T07:09:22Z tui-watch finished issues=0
2026-06-30T07:10:29Z tui-watch started pid=44476 max_runtime=21600s poll=60-120s
2026-06-30T07:10:29Z matrix complete — exiting
2026-06-30T07:10:29Z tui-watch finished issues=0
2026-06-30T07:11:56Z tui-watch started pid=93185 max_runtime=21600s poll=60-120s
2026-06-30T07:11:56Z matrix complete — exiting
2026-06-30T07:11:56Z tui-watch finished issues=0
2026-06-30T07:13:07Z tui-watch started pid=49276 max_runtime=21600s poll=60-120s
2026-06-30T07:13:07Z matrix complete — exiting
2026-06-30T07:13:07Z tui-watch finished issues=0
2026-06-30T07:14:39Z tui-watch started pid=88042 max_runtime=21600s poll=60-120s
2026-06-30T07:14:39Z matrix complete — exiting
2026-06-30T07:14:39Z tui-watch finished issues=0
2026-06-30T07:16:07Z tui-watch started pid=37239 max_runtime=21600s poll=60-120s
2026-06-30T07:16:07Z matrix complete — exiting
2026-06-30T07:16:07Z tui-watch finished issues=0
