2026-06-26T19:02:49Z tui-watch started pid=48482 max_runtime=21600s poll=60-120s
2026-06-26T19:02:49Z tui-watch started pid=48482 max_runtime=21600s poll=60-120s
2026-06-26T19:02:49Z ledger UX: row=1 blocker skill
2026-06-26T19:02:49Z ledger UX: row=1 blocker skill
2026-06-26T19:02:49Z ledger UX: row=1 blocker hook
2026-06-26T19:02:49Z ledger UX: row=1 blocker hook
2026-06-27T04:15:07Z tui-watch started pid=5378 max_runtime=21600s poll=60-120s
2026-06-27T04:15:07Z monitor dead — restarting (no duplicate matrix)
2026-06-27T04:15:07Z monitor restarted pid=5407
2026-06-27T04:15:07Z matrix complete — exiting
2026-06-27T04:15:07Z tui-watch finished issues=0
2026-06-27T04:15:16Z tui-watch started pid=9741 max_runtime=21600s poll=60-120s
2026-06-27T04:15:16Z monitor dead — restarting (no duplicate matrix)
2026-06-27T04:15:16Z monitor restarted pid=9776
2026-06-27T04:15:16Z matrix complete — exiting
2026-06-27T04:15:16Z tui-watch finished issues=0
2026-06-30T01:17:41Z status row=1 passes=3 issues=1888 batch=dead
2026-06-30T01:25:47Z tui-watch started pid=3709 max_runtime=21600s poll=60-120s
2026-06-30T01:36:15Z status row=1 passes=3 issues=165 batch=4450
2026-06-30T01:46:32Z ledger UX: row=1 blocker hook
2026-06-30T01:46:33Z status row=1 passes=3 issues=281 batch=4450
2026-06-30T01:56:47Z status row=1 passes=3 issues=324 batch=4450
2026-06-30T02:00:05Z tui-watch started pid=83174 max_runtime=21600s poll=60-120s
2026-06-30T02:00:50Z tui-watch signal — exiting
2026-06-30T02:00:58Z tui-watch started pid=85617 max_runtime=21600s poll=60-120s
2026-06-30T02:01:12Z tui-watch signal — exiting
2026-06-30T02:11:27Z status row=3 passes=4 issues=130 batch=85965
2026-06-30T02:21:43Z status row=4 passes=5 issues=179 batch=85965
2026-06-30T02:52:44Z tui-watch started pid=41886 max_runtime=21600s poll=60-120s
2026-06-30T02:53:15Z tui-watch signal — exiting
2026-06-30T02:59:52Z tui-watch signal — exiting
2026-06-30T03:00:31Z tui-watch started pid=64932 max_runtime=21600s poll=60-120s
2026-06-30T03:10:34Z status row=7 passes=8 issues=92 batch=65490
2026-06-30T03:20:47Z status row=8 passes=9 issues=151 batch=65490
2026-06-30T03:31:00Z status row=8 passes=9 issues=237 batch=65490
2026-06-30T03:41:13Z status row=11 passes=10 issues=265 batch=65490
2026-06-30T03:46:19Z ledger UX: row=11 blocker skill
2026-06-30T03:46:19Z ledger UX: row=11 blocker skill
2026-06-30T03:51:28Z status row=11 passes=11 issues=326 batch=dead
2026-06-30T03:57:30Z tui-watch started pid=12209 max_runtime=21600s poll=60-120s
2026-06-30T03:57:32Z tui-watch signal — exiting
2026-06-30T04:08:10Z status row=6 passes=11 issues=21 batch=13140
2026-06-30T04:18:38Z tui-watch started pid=17302 max_runtime=21600s poll=60-120s
2026-06-30T04:18:38Z matrix complete — exiting
2026-06-30T04:18:38Z tui-watch finished issues=0
2026-06-30T04:19:06Z tui-watch signal — exiting
2026-06-30T06:32:27Z tui-watch started pid=90930 max_runtime=21600s poll=60-120s
2026-06-30T06:32:27Z matrix complete — exiting
2026-06-30T06:32:27Z tui-watch finished issues=0
2026-06-30T06:33:59Z tui-watch started pid=13237 max_runtime=21600s poll=60-120s
2026-06-30T06:33:59Z matrix complete — exiting
2026-06-30T06:33:59Z tui-watch finished issues=0
2026-06-30T06:35:10Z tui-watch started pid=38891 max_runtime=21600s poll=60-120s
2026-06-30T06:35:10Z matrix complete — exiting
2026-06-30T06:35:10Z tui-watch finished issues=0
2026-06-30T06:36:32Z tui-watch started pid=66501 max_runtime=21600s poll=60-120s
2026-06-30T06:36:32Z matrix complete — exiting
2026-06-30T06:36:32Z tui-watch finished issues=0
2026-06-30T06:37:36Z tui-watch started pid=93260 max_runtime=21600s poll=60-120s
2026-06-30T06:37:36Z matrix complete — exiting
2026-06-30T06:37:36Z tui-watch finished issues=0
2026-06-30T06:38:44Z tui-watch started pid=19848 max_runtime=21600s poll=60-120s
2026-06-30T06:38:44Z matrix complete — exiting
2026-06-30T06:38:44Z tui-watch finished issues=0
2026-06-30T06:40:10Z tui-watch started pid=42120 max_runtime=21600s poll=60-120s
2026-06-30T06:40:10Z matrix complete — exiting
2026-06-30T06:40:10Z tui-watch finished issues=0
2026-06-30T06:41:16Z tui-watch started pid=44519 max_runtime=21600s poll=60-120s
2026-06-30T06:41:16Z matrix complete — exiting
2026-06-30T06:41:16Z tui-watch finished issues=0
2026-06-30T06:42:30Z tui-watch started pid=50945 max_runtime=21600s poll=60-120s
2026-06-30T06:42:30Z matrix complete — exiting
2026-06-30T06:42:30Z tui-watch finished issues=0
2026-06-30T07:06:01Z tui-watch started pid=67263 max_runtime=21600s poll=60-120s
2026-06-30T07:06:01Z matrix complete — exiting
2026-06-30T07:06:01Z tui-watch finished issues=0
2026-06-30T07:07:03Z tui-watch started pid=13611 max_runtime=21600s poll=60-120s
2026-06-30T07:07:03Z matrix complete — exiting
2026-06-30T07:07:03Z tui-watch finished issues=0
2026-06-30T07:08:11Z tui-watch started pid=66478 max_runtime=21600s poll=60-120s
2026-06-30T07:08:12Z matrix complete — exiting
2026-06-30T07:08:12Z tui-watch finished issues=0
2026-06-30T07:09:22Z tui-watch started pid=9613 max_runtime=21600s poll=60-120s
2026-06-30T07:09:22Z matrix complete — exiting
2026-06-30T07:09:22Z tui-watch finished issues=0
2026-06-30T07:10:29Z tui-watch started pid=44476 max_runtime=21600s poll=60-120s
2026-06-30T07:10:29Z matrix complete — exiting
2026-06-30T07:10:29Z tui-watch finished issues=0
2026-06-30T07:11:56Z tui-watch started pid=93185 max_runtime=21600s poll=60-120s
2026-06-30T07:11:56Z matrix complete — exiting
2026-06-30T07:11:56Z tui-watch finished issues=0
2026-06-30T07:13:07Z tui-watch started pid=49276 max_runtime=21600s poll=60-120s
2026-06-30T07:13:07Z matrix complete — exiting
2026-06-30T07:13:07Z tui-watch finished issues=0
2026-06-30T07:14:39Z tui-watch started pid=88042 max_runtime=21600s poll=60-120s
2026-06-30T07:14:39Z matrix complete — exiting
2026-06-30T07:14:39Z tui-watch finished issues=0
2026-06-30T07:16:07Z tui-watch started pid=37239 max_runtime=21600s poll=60-120s
2026-06-30T07:16:07Z matrix complete — exiting
2026-06-30T07:16:07Z tui-watch finished issues=0
