2026-06-26T18:48:47Z monitor dead — restarting
2026-06-26T18:48:47Z starting monitor
2026-06-26T18:48:47Z monitor pid=98885
2026-06-26T18:48:47Z state change: batch PID: 13222 — RUNNING current row (log): 10 
2026-06-26T18:48:47Z state: quota/429 noted — monitor handles wait+retry
2026-06-26T18:50:20Z state change: batch PID: 13222 — RUNNING current row (log): 10 
2026-06-26T18:50:20Z state: quota/429 noted — monitor handles wait+retry
2026-06-26T19:00:20Z state: quota/429 noted — monitor handles wait+retry
2026-06-26T19:10:20Z state change: batch PID: 13222 — RUNNING current row (log): 12 
2026-06-26T19:10:20Z state: quota/429 noted — monitor handles wait+retry
2026-06-26T19:20:20Z state: quota/429 noted — monitor handles wait+retry
2026-06-26T19:30:20Z state change: batch PID: 13222 — RUNNING current row (log): 13 
2026-06-26T19:30:20Z state: quota/429 noted — monitor handles wait+retry
2026-06-26T19:40:20Z state change: batch PID: 13222 — RUNNING current row (log): 17 
2026-06-26T19:40:20Z state: quota/429 noted — monitor handles wait+retry
2026-06-26T19:50:20Z state change: batch PID: 13222 — RUNNING current row (log): 18 
2026-06-26T19:50:20Z state: quota/429 noted — monitor handles wait+retry
2026-06-26T20:00:20Z state: quota/429 noted — monitor handles wait+retry
2026-06-26T20:10:21Z state change: batch PID: 13222 — RUNNING current row (log): 19 
2026-06-26T20:10:21Z state: quota/429 noted — monitor handles wait+retry
2026-06-26T20:20:21Z state: quota/429 noted — monitor handles wait+retry
2026-06-26T20:30:21Z state change: batch PID: 13222 — RUNNING current row (log): 20 
2026-06-26T20:30:21Z state: quota/429 noted — monitor handles wait+retry
2026-06-26T20:40:21Z state: quota/429 noted — monitor handles wait+retry
2026-06-26T20:50:21Z monitor dead — restarting
2026-06-26T20:50:21Z starting monitor
2026-06-26T20:50:21Z monitor pid=34211
2026-06-26T20:50:21Z state change: batch PID: done — COMPLETE current row (log): 22 
2026-06-26T20:50:21Z state: quota/429 noted — monitor handles wait+retry
2026-06-26T20:50:21Z matrix COMPLETE — supervisor exiting
