[1/276] brute 375px light
[2/276] brute 375px dark
[3/276] brute 768px light
[4/276] brute 768px dark
[5/276] brute 1280px light
[6/276] brute 1280px dark
[7/276] changelog 375px light
[8/276] changelog 375px dark
[9/276] changelog 768px light
[10/276] changelog 768px dark
[11/276] changelog 1280px light
[12/276] changelog 1280px dark
[13/276] gaps 375px light
[14/276] gaps 375px dark
[15/276] gaps 768px light
[16/276] gaps 768px dark
[17/276] gaps 1280px light
[18/276] gaps 1280px dark
[19/276] help-concepts-artifact-review-assessor 375px light
[20/276] help-concepts-artifact-review-assessor 375px dark
[21/276] help-concepts-artifact-review-assessor 768px light
[22/276] help-concepts-artifact-review-assessor 768px dark
[23/276] help-concepts-artifact-review-assessor 1280px light
[24/276] help-concepts-artifact-review-assessor 1280px dark
[25/276] help-concepts-composable-workflow 375px light
[26/276] help-concepts-composable-workflow 375px dark
[27/276] help-concepts-composable-workflow 768px light
[28/276] help-concepts-composable-workflow 768px dark
[29/276] help-concepts-composable-workflow 1280px light
[30/276] help-concepts-composable-workflow 1280px dark
[31/276] help-concepts-cost-optimization 375px light
[32/276] help-concepts-cost-optimization 375px dark
[33/276] help-concepts-cost-optimization 768px light
[34/276] help-concepts-cost-optimization 768px dark
[35/276] help-concepts-cost-optimization 1280px light
[36/276] help-concepts-cost-optimization 1280px dark
[37/276] help-concepts-documentation 375px light
[38/276] help-concepts-documentation 375px dark
[39/276] help-concepts-documentation 768px light
[40/276] help-concepts-documentation 768px dark
[41/276] help-concepts-documentation 1280px light
[42/276] help-concepts-documentation 1280px dark
[43/276] help-concepts 375px light
[44/276] help-concepts 375px dark
[45/276] help-concepts 768px light
[46/276] help-concepts 768px dark
[47/276] help-concepts 1280px light
[48/276] help-concepts 1280px dark
[49/276] help-concepts-preferences 375px light
[50/276] help-concepts-preferences 375px dark
[51/276] help-concepts-preferences 768px light
[52/276] help-concepts-preferences 768px dark
[53/276] help-concepts-preferences 1280px light
[54/276] help-concepts-preferences 1280px dark
[55/276] help-concepts-routing-logic 375px light
[56/276] help-concepts-routing-logic 375px dark
[57/276] help-concepts-routing-logic 768px light
[58/276] help-concepts-routing-logic 768px dark
[59/276] help-concepts-routing-logic 1280px light
[60/276] help-concepts-routing-logic 1280px dark
[61/276] help-concepts-session-startup 375px light
[62/276] help-concepts-session-startup 375px dark
[63/276] help-concepts-session-startup 768px light
[64/276] help-concepts-session-startup 768px dark
[65/276] help-concepts-session-startup 1280px light
[66/276] help-concepts-session-startup 1280px dark
[67/276] help-concepts-verification 375px light
[68/276] help-concepts-verification 375px dark
[69/276] help-concepts-verification 768px light
[70/276] help-concepts-verification 768px dark
[71/276] help-concepts-verification 1280px light
[72/276] help-concepts-verification 1280px dark
[73/276] help-dev-workflow 375px light
[74/276] help-dev-workflow 375px dark
[75/276] help-dev-workflow 768px light
[76/276] help-dev-workflow 768px dark
[77/276] help-dev-workflow 1280px light
[78/276] help-dev-workflow 1280px dark
[79/276] help-devops-workflow 375px light
[80/276] help-devops-workflow 375px dark
[81/276] help-devops-workflow 768px light
[82/276] help-devops-workflow 768px dark
[83/276] help-devops-workflow 1280px light
[84/276] help-devops-workflow 1280px dark
[85/276] help-getting-started 375px light
[86/276] help-getting-started 375px dark
[87/276] help-getting-started 768px light
[88/276] help-getting-started 768px dark
[89/276] help-getting-started 1280px light
[90/276] help-getting-started 1280px dark
[91/276] help 375px light
[92/276] help 375px dark
[93/276] help 768px light
[94/276] help 768px dark
[95/276] help 1280px light
[96/276] help 1280px dark
[97/276] help-reference 375px light
[98/276] help-reference 375px dark
[99/276] help-reference 768px light
[100/276] help-reference 768px dark
[101/276] help-reference 1280px light
[102/276] help-reference 1280px dark
[103/276] help-troubleshooting 375px light
[104/276] help-troubleshooting 375px dark
[105/276] help-troubleshooting 768px light
[106/276] help-troubleshooting 768px dark
[107/276] help-troubleshooting 1280px light
[108/276] help-troubleshooting 1280px dark
[109/276] help-workflows 375px light
[110/276] help-workflows 375px dark
[111/276] help-workflows 768px light
[112/276] help-workflows 768px dark
[113/276] help-workflows 1280px light
[114/276] help-workflows 1280px dark
[115/276] help-workflows-silver-benchmark 375px light
[116/276] help-workflows-silver-benchmark 375px dark
[117/276] help-workflows-silver-benchmark 768px light
[118/276] help-workflows-silver-benchmark 768px dark
[119/276] help-workflows-silver-benchmark 1280px light
[120/276] help-workflows-silver-benchmark 1280px dark
[121/276] help-workflows-silver-bugfix 375px light
[122/276] help-workflows-silver-bugfix 375px dark
[123/276] help-workflows-silver-bugfix 768px light
[124/276] help-workflows-silver-bugfix 768px dark
[125/276] help-workflows-silver-bugfix 1280px light
[126/276] help-workflows-silver-bugfix 1280px dark
[127/276] help-workflows-silver-canary 375px light
[128/276] help-workflows-silver-canary 375px dark
[129/276] help-workflows-silver-canary 768px light
[130/276] help-workflows-silver-canary 768px dark
[131/276] help-workflows-silver-canary 1280px light
[132/276] help-workflows-silver-canary 1280px dark
[133/276] help-workflows-silver-clarify 375px light
[134/276] help-workflows-silver-clarify 375px dark
[135/276] help-workflows-silver-clarify 768px light
[136/276] help-workflows-silver-clarify 768px dark
[137/276] help-workflows-silver-clarify 1280px light
[138/276] help-workflows-silver-clarify 1280px dark
[139/276] help-workflows-silver-content 375px light
[140/276] help-workflows-silver-content 375px dark
[141/276] help-workflows-silver-content 768px light
[142/276] help-workflows-silver-content 768px dark
[143/276] help-workflows-silver-content 1280px light
[144/276] help-workflows-silver-content 1280px dark
[145/276] help-workflows-silver-deploy 375px light
[146/276] help-workflows-silver-deploy 375px dark
[147/276] help-workflows-silver-deploy 768px light
[148/276] help-workflows-silver-deploy 768px dark
[149/276] help-workflows-silver-deploy 1280px light
[150/276] help-workflows-silver-deploy 1280px dark
[151/276] help-workflows-silver-devops 375px light
[152/276] help-workflows-silver-devops 375px dark
[153/276] help-workflows-silver-devops 768px light
[154/276] help-workflows-silver-devops 768px dark
[155/276] help-workflows-silver-devops 1280px light
[156/276] help-workflows-silver-devops 1280px dark
[157/276] help-workflows-silver-fast 375px light
[158/276] help-workflows-silver-fast 375px dark
[159/276] help-workflows-silver-fast 768px light
[160/276] help-workflows-silver-fast 768px dark
[161/276] help-workflows-silver-fast 1280px light
[162/276] help-workflows-silver-fast 1280px dark
[163/276] help-workflows-silver-feature 375px light
[164/276] help-workflows-silver-feature 375px dark
[165/276] help-workflows-silver-feature 768px light
[166/276] help-workflows-silver-feature 768px dark
[167/276] help-workflows-silver-feature 1280px light
[168/276] help-workflows-silver-feature 1280px dark
[169/276] help-workflows-silver-forensics 375px light
[170/276] help-workflows-silver-forensics 375px dark
[171/276] help-workflows-silver-forensics 768px light
[172/276] help-workflows-silver-forensics 768px dark
[173/276] help-workflows-silver-forensics 1280px light
[174/276] help-workflows-silver-forensics 1280px dark
[175/276] help-workflows-silver-incident 375px light
[176/276] help-workflows-silver-incident 375px dark
[177/276] help-workflows-silver-incident 768px light
[178/276] help-workflows-silver-incident 768px dark
[179/276] help-workflows-silver-incident 1280px light
[180/276] help-workflows-silver-incident 1280px dark
[181/276] help-workflows-silver-ingest 375px light
[182/276] help-workflows-silver-ingest 375px dark
[183/276] help-workflows-silver-ingest 768px light
[184/276] help-workflows-silver-ingest 768px dark
[185/276] help-workflows-silver-ingest 1280px light
[186/276] help-workflows-silver-ingest 1280px dark
[187/276] help-workflows-silver-process-maintenance 375px light
[188/276] help-workflows-silver-process-maintenance 375px dark
[189/276] help-workflows-silver-process-maintenance 768px light
[190/276] help-workflows-silver-process-maintenance 768px dark
[191/276] help-workflows-silver-process-maintenance 1280px light
[192/276] help-workflows-silver-process-maintenance 1280px dark
[193/276] help-workflows-silver-refactor 375px light
[194/276] help-workflows-silver-refactor 375px dark
[195/276] help-workflows-silver-refactor 768px light
[196/276] help-workflows-silver-refactor 768px dark
[197/276] help-workflows-silver-refactor 1280px light
[198/276] help-workflows-silver-refactor 1280px dark
[199/276] help-workflows-silver-release 375px light
[200/276] help-workflows-silver-release 375px dark
[201/276] help-workflows-silver-release 768px light
[202/276] help-workflows-silver-release 768px dark
[203/276] help-workflows-silver-release 1280px light
[204/276] help-workflows-silver-release 1280px dark
[205/276] help-workflows-silver-research 375px light
[206/276] help-workflows-silver-research 375px dark
[207/276] help-workflows-silver-research 768px light
[208/276] help-workflows-silver-research 768px dark
[209/276] help-workflows-silver-research 1280px light
[210/276] help-workflows-silver-research 1280px dark
[211/276] help-workflows-silver-retro 375px light
[212/276] help-workflows-silver-retro 375px dark
[213/276] help-workflows-silver-retro 768px light
[214/276] help-workflows-silver-retro 768px dark
[215/276] help-workflows-silver-retro 1280px light
[216/276] help-workflows-silver-retro 1280px dark
[217/276] help-workflows-silver-review-triad 375px light
[218/276] help-workflows-silver-review-triad 375px dark
[219/276] help-workflows-silver-review-triad 768px light
[220/276] help-workflows-silver-review-triad 768px dark
[221/276] help-workflows-silver-review-triad 1280px light
[222/276] help-workflows-silver-review-triad 1280px dark
[223/276] help-workflows-silver-router 375px light
[224/276] help-workflows-silver-router 375px dark
[225/276] help-workflows-silver-router 768px light
[226/276] help-workflows-silver-router 768px dark
[227/276] help-workflows-silver-router 1280px light
[228/276] help-workflows-silver-router 1280px dark
[229/276] help-workflows-silver-ship-readiness 375px light
[230/276] help-workflows-silver-ship-readiness 375px dark
[231/276] help-workflows-silver-ship-readiness 768px light
[232/276] help-workflows-silver-ship-readiness 768px dark
[233/276] help-workflows-silver-ship-readiness 1280px light
[234/276] help-workflows-silver-ship-readiness 1280px dark
[235/276] help-workflows-silver-spec 375px light
[236/276] help-workflows-silver-spec 375px dark
[237/276] help-workflows-silver-spec 768px light
[238/276] help-workflows-silver-spec 768px dark
[239/276] help-workflows-silver-spec 1280px light
[240/276] help-workflows-silver-spec 1280px dark
[241/276] help-workflows-silver-test 375px light
[242/276] help-workflows-silver-test 375px dark
[243/276] help-workflows-silver-test 768px light
[244/276] help-workflows-silver-test 768px dark
[245/276] help-workflows-silver-test 1280px light
[246/276] help-workflows-silver-test 1280px dark
[247/276] help-workflows-silver-ui 375px light
[248/276] help-workflows-silver-ui 375px dark
[249/276] help-workflows-silver-ui 768px light
[250/276] help-workflows-silver-ui 768px dark
[251/276] help-workflows-silver-ui 1280px light
[252/276] help-workflows-silver-ui 1280px dark
[253/276] help-workflows-silver-validate 375px light
[254/276] help-workflows-silver-validate 375px dark
[255/276] help-workflows-silver-validate 768px light
[256/276] help-workflows-silver-validate 768px dark
[257/276] help-workflows-silver-validate 1280px light
[258/276] help-workflows-silver-validate 1280px dark
[259/276] home 375px light
[260/276] home 375px dark
[261/276] home 768px light
[262/276] home 768px dark
[263/276] home 1280px light
[264/276] home 1280px dark
[265/276] privacy 375px light
[266/276] privacy 375px dark
[267/276] privacy 768px light
[268/276] privacy 768px dark
[269/276] privacy 1280px light
[270/276] privacy 1280px dark
[271/276] terms 375px light
[272/276] terms 375px dark
[273/276] terms 768px light
[274/276] terms 768px dark
[275/276] terms 1280px light
[276/276] terms 1280px dark
{"outDir":"/Users/shafqat/projects/silver-bullet/repo/.visual-audit/responsive-full/2026-06-30-post-fix","pages":46,"captures":276,"hScrollIssues":0}
