PASS /brute/ overflow=0px
PASS /changelog/ overflow=0px
PASS /gaps/ overflow=0px
PASS /help/concepts/artifact-review-assessor.html overflow=0px
PASS /help/concepts/composable-workflow.html overflow=0px
PASS /help/concepts/cost-optimization.html overflow=0px
PASS /help/concepts/documentation.html overflow=0px
PASS /help/concepts/ overflow=0px
PASS /help/concepts/preferences.html overflow=0px
PASS /help/concepts/routing-logic.html overflow=0px
PASS /help/concepts/session-startup.html overflow=0px
PASS /help/concepts/verification.html overflow=0px
PASS /help/dev-workflow/ overflow=0px
PASS /help/devops-workflow/ overflow=0px
PASS /help/getting-started/ overflow=0px
PASS /help/ overflow=0px
PASS /help/reference/ overflow=0px
PASS /help/troubleshooting/ overflow=0px
PASS /help/workflows/ overflow=0px
PASS /help/workflows/silver-benchmark.html overflow=0px
PASS /help/workflows/silver-bugfix.html overflow=0px
PASS /help/workflows/silver-canary.html overflow=0px
PASS /help/workflows/silver-clarify.html overflow=0px
PASS /help/workflows/silver-content.html overflow=0px
PASS /help/workflows/silver-deploy.html overflow=0px
PASS /help/workflows/silver-devops.html overflow=0px
PASS /help/workflows/silver-fast.html overflow=0px
PASS /help/workflows/silver-feature.html overflow=0px
PASS /help/workflows/silver-forensics.html overflow=0px
PASS /help/workflows/silver-incident.html overflow=0px
PASS /help/workflows/silver-ingest.html overflow=0px
PASS /help/workflows/silver-process-maintenance.html overflow=0px
PASS /help/workflows/silver-refactor.html overflow=0px
PASS /help/workflows/silver-release.html overflow=0px
PASS /help/workflows/silver-research.html overflow=0px
PASS /help/workflows/silver-retro.html overflow=0px
PASS /help/workflows/silver-review-triad.html overflow=0px
PASS /help/workflows/silver-router.html overflow=0px
PASS /help/workflows/silver-ship-readiness.html overflow=0px
PASS /help/workflows/silver-spec.html overflow=0px
PASS /help/workflows/silver-test.html overflow=0px
PASS /help/workflows/silver-ui.html overflow=0px
PASS /help/workflows/silver-validate.html overflow=0px
PASS / overflow=0px
PASS /privacy/ overflow=0px
PASS /terms/ overflow=0px
Total failures: 0
