=== atomic-flow compliance audit ===
target: type=flow_step id=FS-ARTIFACT_REVIEWER

--- catalog ---
PASS [catalog]: flow step FS-ARTIFACT_REVIEWER present
--- v_loop ---
PASS [v_loop]: v_loop.id=VL-FS-ARTIFACT_REVIEWER
PASS [v_loop]: input_contract declared
PASS [v_loop]: work_product declared
PASS [v_loop]: evidence_refs count=1
--- ownership ---
PASS [ownership]: hierarchy_level=flow_step
PASS [ownership]: classification=reviewer-pack
PASS [ownership]: canonical_catalog_entity=AF-REVIEW
--- enforcement ---
PASS [enforcement]: skill surface exists for artifact-reviewer
PASS [enforcement]: reusable_by_flows count=1
PASS [enforcement]: all reusable_by_flows resolve
--- composition ---
PASS [composition]: owned by 1 atomic flow(s)

VERDICT: PASS
