=== atomic-flow compliance audit ===
target: type=flow_step id=FS-DELEGATE-CHECKPOINT

--- catalog ---
PASS [catalog]: flow step FS-DELEGATE-CHECKPOINT present
--- v_loop ---
PASS [v_loop]: v_loop.id=VL-FS-DELEGATE-CHECKPOINT
PASS [v_loop]: input_contract declared
PASS [v_loop]: work_product declared
PASS [v_loop]: evidence_refs count=1
--- ownership ---
PASS [ownership]: hierarchy_level=flow_step
PASS [ownership]: classification=atomic-flow-implementation
PASS [ownership]: canonical_catalog_entity=AF-AGENT-DELEGATE
--- enforcement ---
PASS [enforcement]: distribution-only / multi-host step distribution-only (no single skill dir)
PASS [enforcement]: reusable_by_flows count=1
PASS [enforcement]: all reusable_by_flows resolve
--- composition ---
PASS [composition]: owned by 1 atomic flow(s)

VERDICT: PASS
