=== atomic-flow compliance audit ===
target: type=flow_step id=FS-REUSABILITY

--- catalog ---
PASS [catalog]: flow step FS-REUSABILITY present
--- v_loop ---
PASS [v_loop]: v_loop.id=VL-FS-REUSABILITY
PASS [v_loop]: input_contract declared
PASS [v_loop]: work_product declared
PASS [v_loop]: evidence_refs count=1
--- ownership ---
PASS [ownership]: hierarchy_level=flow_step
PASS [ownership]: classification=quality-dimension-step
PASS [ownership]: canonical_catalog_entity=AF-QUALITY-GATE
--- enforcement ---
PASS [enforcement]: skill surface exists for reusability
PASS [enforcement]: reusable_by_flows count=1
PASS [enforcement]: all reusable_by_flows resolve
--- composition ---
PASS [composition]: owned by 1 atomic flow(s)

VERDICT: PASS
