=== atomic-flow compliance audit ===
target: type=flow_step id=FS-SILVER_CLARIFY

--- catalog ---
PASS [catalog]: flow step FS-SILVER_CLARIFY present
--- v_loop ---
PASS [v_loop]: v_loop.id=VL-FS-SILVER_CLARIFY
PASS [v_loop]: input_contract declared
PASS [v_loop]: work_product declared
PASS [v_loop]: evidence_refs count=1
--- ownership ---
PASS [ownership]: hierarchy_level=flow_step
PASS [ownership]: classification=flow-step-skill
PASS [ownership]: canonical_catalog_entity=AF-CLARIFY
--- enforcement ---
PASS [enforcement]: skill surface exists for silver-clarify
PASS [enforcement]: reusable_by_flows count=1
PASS [enforcement]: all reusable_by_flows resolve
--- composition ---
PASS [composition]: owned by 1 atomic flow(s)

VERDICT: PASS
