=== workflow compliance audit ===
target: skill=silver-devops slug=devops wf_id=WF-SILVER-DEVOPS composer=1

--- structural ---
PASS: skill exists
PASS: catalog generator mapping
PASS: catalog workflow
PASS: skill_to_entity
PASS: orchestrator composer
PASS: router
PASS [structural]: validate-workflow-authoring.sh
--- migration_map ---
PASS [migration_map]: skill_to_entity silver-devops → AF-DEVOPS-ROUTE
--- catalog ---
PASS [catalog]: workflow WF-SILVER-DEVOPS present
PASS [catalog]: composition_tree has 9 node(s)
PASS [catalog]: enforcement_queue declared
PASS [catalog]: composition_tree refs resolve
--- triple_alignment ---
PASS [triple_alignment]: SKILL pre-exec == guard markers
PASS [triple_alignment]: guard markers == orchestrator pre-execute
--- orchestrator ---
PASS [orchestrator]: composer registered in orchestrator-state.sh
--- flow_steps ---
PASS [flow_steps]: atomic flow AF-DEVOPS-ROUTE has v_loop VL-AF-DEVOPS-ROUTE

VERDICT: PASS
