=== workflow compliance audit ===
target: skill=silver-content slug=content wf_id=WF-SILVER-CONTENT composer=1

--- structural ---
PASS: skill exists
PASS: catalog generator mapping
PASS: catalog workflow
PASS: skill_to_entity
PASS: router
  → docs/NEW-WORKFLOW.md — authoring checklist
--- migration_map ---
PASS [migration_map]: skill_to_entity silver-content → AF-DOCUMENT
--- catalog ---
PASS [catalog]: workflow WF-SILVER-CONTENT present
PASS [catalog]: composition_tree has 5 node(s)
  → docs/APO-AUTHORING-COMPLIANCE.md — enforcement_queue
PASS [catalog]: composition_tree refs resolve
--- triple_alignment ---
  → skills/silver-content/SKILL.md — Enforcement queue / Pre-execution section
  → hooks/lib/orchestrator-state.sh — sb_orchestrator_default_queue_for_composer silver-content
--- orchestrator ---
  → hooks/lib/orchestrator-state.sh
--- flow_steps ---
PASS [flow_steps]: atomic flow AF-DOCUMENT has v_loop VL-AF-DOCUMENT

VERDICT: FAIL
FAIL: orchestrator-state missing silver-content
FAIL [structural]: validate-workflow-authoring.sh
FAIL [catalog]: enforcement_queue missing for WF-SILVER-CONTENT
FAIL [triple_alignment]: SKILL pre-exec markers not parseable
FAIL [triple_alignment]: guard [] != orchestrator [context,plan]
FAIL [orchestrator]: composer missing from orchestrator-state.sh
