=== workflow compliance audit ===
target: skill=silver-deep-research slug=deep-research wf_id=WF-SILVER-DEEP-RESEARCH composer=1

--- structural ---
PASS: skill exists
PASS: catalog generator mapping
PASS: catalog workflow
PASS: skill_to_entity
PASS: orchestrator composer
PASS: router
PASS [structural]: validate-workflow-authoring.sh
--- migration_map ---
PASS [migration_map]: skill_to_entity silver-deep-research → AF-DECIDE
--- catalog ---
PASS [catalog]: workflow WF-SILVER-DEEP-RESEARCH present
PASS [catalog]: composition_tree has 4 node(s)
PASS [catalog]: enforcement_queue declared
PASS [catalog]: composition_tree refs resolve
--- triple_alignment ---
PASS [triple_alignment]: SKILL pre-exec == guard markers
PASS [triple_alignment]: guard markers == orchestrator pre-execute
--- orchestrator ---
PASS [orchestrator]: composer registered in orchestrator-state.sh
--- flow_steps ---
PASS [flow_steps]: atomic flow AF-DECIDE has v_loop VL-AF-DECIDE

VERDICT: PASS
