=== workflow compliance audit ===
target: skill=silver-benchmark slug=benchmark wf_id=WF-SILVER-BENCHMARK composer=1

--- structural ---
PASS: skill exists
PASS: catalog generator mapping
PASS: catalog workflow
PASS: skill_to_entity
PASS: router
  → docs/NEW-WORKFLOW.md — authoring checklist
--- migration_map ---
PASS [migration_map]: skill_to_entity silver-benchmark → AF-FAST-PATH
--- catalog ---
PASS [catalog]: workflow WF-SILVER-BENCHMARK present
PASS [catalog]: composition_tree has 4 node(s)
  → docs/APO-AUTHORING-COMPLIANCE.md — enforcement_queue
PASS [catalog]: composition_tree refs resolve
--- triple_alignment ---
  → skills/silver-benchmark/SKILL.md — Enforcement queue / Pre-execution section
  → hooks/lib/orchestrator-state.sh — sb_orchestrator_default_queue_for_composer silver-benchmark
--- orchestrator ---
  → hooks/lib/orchestrator-state.sh
--- flow_steps ---
PASS [flow_steps]: atomic flow AF-FAST-PATH has v_loop VL-AF-FAST-PATH

VERDICT: FAIL
FAIL: orchestrator-state missing silver-benchmark
FAIL [structural]: validate-workflow-authoring.sh
FAIL [catalog]: enforcement_queue missing for WF-SILVER-BENCHMARK
FAIL [triple_alignment]: SKILL pre-exec markers not parseable
FAIL [triple_alignment]: guard [] != orchestrator [context,plan]
FAIL [orchestrator]: composer missing from orchestrator-state.sh
