=== workflow compliance audit ===
target: skill=silver-release slug=release wf_id=WF-SILVER-RELEASE composer=1

--- structural ---
PASS: skill exists
PASS: catalog generator mapping
PASS: catalog workflow
PASS: skill_to_entity
PASS: orchestrator composer
PASS: router
PASS [structural]: validate-workflow-authoring.sh
--- migration_map ---
PASS [migration_map]: skill_to_entity silver-release → AF-RELEASE
--- catalog ---
PASS [catalog]: workflow WF-SILVER-RELEASE present
PASS [catalog]: composition_tree has 11 node(s)
PASS [catalog]: enforcement_queue declared
PASS [catalog]: composition_tree refs resolve
--- triple_alignment ---
PASS [triple_alignment]: SKILL pre-exec == guard markers
PASS [triple_alignment]: guard markers == orchestrator pre-execute
--- orchestrator ---
PASS [orchestrator]: composer registered in orchestrator-state.sh
--- flow_steps ---
PASS [flow_steps]: atomic flow AF-RELEASE has v_loop VL-AF-RELEASE

VERDICT: PASS
