=== workflow compliance audit ===
target: skill=silver-forensics slug=forensics wf_id=WF-SILVER-FORENSICS composer=1

--- structural ---
PASS: skill exists
PASS: catalog generator mapping
PASS: catalog workflow
PASS: skill_to_entity
PASS: router
  → docs/NEW-WORKFLOW.md — authoring checklist
--- migration_map ---
PASS [migration_map]: skill_to_entity silver-forensics → AF-DEBUG
--- catalog ---
PASS [catalog]: workflow WF-SILVER-FORENSICS present
PASS [catalog]: composition_tree has 3 node(s)
  → docs/APO-AUTHORING-COMPLIANCE.md — enforcement_queue
PASS [catalog]: composition_tree refs resolve
--- triple_alignment ---
  → skills/silver-forensics/SKILL.md — Enforcement queue / Pre-execution section
  → hooks/lib/orchestrator-state.sh — sb_orchestrator_default_queue_for_composer silver-forensics
--- orchestrator ---
  → hooks/lib/orchestrator-state.sh
--- flow_steps ---
PASS [flow_steps]: atomic flow AF-DEBUG has v_loop VL-AF-DEBUG

VERDICT: FAIL
FAIL: orchestrator-state missing silver-forensics
FAIL [structural]: validate-workflow-authoring.sh
FAIL [catalog]: enforcement_queue missing for WF-SILVER-FORENSICS
FAIL [triple_alignment]: SKILL pre-exec markers not parseable
FAIL [triple_alignment]: guard [] != orchestrator [context,plan]
FAIL [orchestrator]: composer missing from orchestrator-state.sh
