=== workflow compliance audit ===
target: skill=silver-router slug=router wf_id=WF-SILVER-ROUTER composer=1

--- structural ---
PASS: catalog generator mapping
PASS: catalog workflow
PASS: router
  → docs/NEW-WORKFLOW.md — authoring checklist
--- migration_map ---
  → scripts/generate-apo-catalog.py — migration_map.skill_to_entity
--- catalog ---
PASS [catalog]: workflow WF-SILVER-ROUTER present
PASS [catalog]: composition_tree has 3 node(s)
  → docs/APO-AUTHORING-COMPLIANCE.md — enforcement_queue
PASS [catalog]: composition_tree refs resolve
--- triple_alignment ---
--- orchestrator ---
  → hooks/lib/orchestrator-state.sh
--- flow_steps ---

VERDICT: FAIL
FAIL: missing skills/silver-router/SKILL.md
FAIL: skill_to_entity missing silver-router
FAIL: orchestrator-state missing silver-router
FAIL [structural]: validate-workflow-authoring.sh
FAIL [migration_map]: skill_to_entity missing for silver-router
FAIL [catalog]: enforcement_queue missing for WF-SILVER-ROUTER
FAIL [triple_alignment]: missing skills/silver-router/SKILL.md
FAIL [orchestrator]: composer missing from orchestrator-state.sh
FAIL [flow_steps]: skill_to_entity empty for composer silver-router
