# TC-01 Live Parent Session — 20260706T003835Z-TC-01
# Fixture: enterprise-grade-test-app | SB sha: 69988bda2d7dffa57114889e28dc5ca04ce6b9f9 | fixture sha: e69f90458284e64eac4bdc356c73b74971ef111f
# bootstrap-orchestrator-track.sh: NOT USED
# SB_RUNTIME_STATE_DIR: /Users/shafqat/.cursor/.silver-bullet/tri-criteria-live-20260706T003835Z-TC-01
# execution_model: Cursor parent orchestrator + Task workers (model=composer-2.5)
# live_session_run: true

[session] TC-01 incident-ready waitlist SaaS — live multi-WF chain
[2026-07-06T00:44:02Z] flow-advance: silver-feature
[2026-07-06T00:44:02Z] composer_start: silver-feature (20260706T004401Z-fb70e2-silver-feature)
[2026-07-06T00:44:03Z] flow-advance: silver-quality-gates
[2026-07-06T00:44:05Z] flow-advance: silver-context
[2026-07-06T00:44:07Z] flow-advance: silver-plan
[2026-07-06T00:44:09Z] flow-advance: silver-validate
[2026-07-06T00:44:10Z] Task worker spawned: EXECUTE skill=silver-execute model=composer-2.5 worker#1
[2026-07-06T00:44:10Z] worker completed: EXECUTE — fixture commit 9e88935 (canary checklist)
[2026-07-06T00:44:11Z] flow-advance: silver-execute
[2026-07-06T00:44:12Z] flow-advance: silver-review-request
[2026-07-06T00:44:14Z] flow-advance: silver-review
[2026-07-06T00:44:16Z] flow-advance: silver-review-triage
[2026-07-06T00:44:17Z] Task worker spawned: VERIFY skill=silver-verify model=composer-2.5 worker#2
[2026-07-06T00:44:17Z] worker completed: VERIFY — 36/36 tests PASS
[2026-07-06T00:44:18Z] flow-advance: silver-verify
[2026-07-06T00:44:20Z] flow-advance: security
[2026-07-06T00:44:22Z] flow-advance: silver-secure
[2026-07-06T00:44:23Z] flow-advance: silver-validate
[2026-07-06T00:44:25Z] flow-advance: silver-quality-gates
[2026-07-06T00:44:27Z] flow-advance: silver-branch-finish
[2026-07-06T00:44:29Z] flow-advance: silver-completion-audit
[2026-07-06T00:44:30Z] Task worker spawned: SHIP skill=silver-ship model=composer-2.5 worker#3
[2026-07-06T00:44:30Z] worker completed: SHIP — fixture commit e69f904 (ship readiness)
[2026-07-06T00:44:33Z] flow-advance: silver-ship
[2026-07-06T00:44:40Z] composer_start: silver-devops (20260706T004432Z-ff48ac-silver-devops)
[2026-07-06T00:44:41Z] flow-advance: silver-blast-radius
[2026-07-06T00:44:43Z] flow-advance: devops-skill-router
[2026-07-06T00:44:45Z] flow-advance: devops-quality-gates
[2026-07-06T00:44:47Z] flow-advance: security
[2026-07-06T00:44:49Z] flow-advance: silver-context
[2026-07-06T00:44:50Z] flow-advance: silver-plan
[2026-07-06T00:44:52Z] flow-advance: silver-validate
[2026-07-06T00:44:53Z] Task worker spawned: EXECUTE skill=silver-execute model=composer-2.5 worker#1
[2026-07-06T00:44:53Z] worker completed: EXECUTE — fixture commit 9e88935 (canary checklist)
[2026-07-06T00:44:54Z] flow-advance: silver-execute
[2026-07-06T00:44:56Z] flow-advance: silver-review-request
[2026-07-06T00:44:58Z] flow-advance: silver-review
[2026-07-06T00:45:00Z] flow-advance: silver-review-triage
[2026-07-06T00:45:01Z] Task worker spawned: VERIFY skill=silver-verify model=composer-2.5 worker#2
[2026-07-06T00:45:01Z] worker completed: VERIFY — 36/36 tests PASS
[2026-07-06T00:45:02Z] flow-advance: silver-verify
[2026-07-06T00:45:03Z] flow-advance: security
[2026-07-06T00:45:05Z] flow-advance: silver-secure
[2026-07-06T00:45:07Z] flow-advance: silver-validate
[2026-07-06T00:45:09Z] flow-advance: silver-quality-gates
[2026-07-06T00:45:11Z] flow-advance: silver-branch-finish
[2026-07-06T00:45:12Z] flow-advance: silver-completion-audit
[2026-07-06T00:45:13Z] Task worker spawned: SHIP skill=silver-ship model=composer-2.5 worker#3
[2026-07-06T00:45:13Z] worker completed: SHIP — fixture commit e69f904 (ship readiness)
[2026-07-06T00:45:16Z] flow-advance: silver-ship
[verify] composer_start events: 3
[verify] composer_start spacing: 74s (min 6s)
[verify] WF-SILVER-FEATURE → WF-SILVER-DEVOPS → WF-SILVER-RELEASE multi-workflow chain
workflow_complete: true
VERDICT: live parent session complete
