# TC-01 Cold Verify — 20260705T235249Z-TC-01
# Fixture: enterprise-grade-test-app | SB sha: d46409736640
# bootstrap-orchestrator-track.sh: NOT USED (cold verify)
# SB_RUNTIME_PRESERVE_STATE_DIR=1 state: /var/folders/d8/f43nf6b17p31q9qzj5c82_nw0000gn/T/tmp.2wjRfOKgCI/runtime

[session] TC-01 incident-ready waitlist SaaS — multi-WF chain via flow-advance
[session] Silver Bullet autonomous parent orchestrator — no operator workflow selection
[orchestrator] composer_start: silver-feature (WF-SILVER-FEATURE)
[orchestrator] Task worker spawned: FEATURE-IMPLEMENT — waitlist API chain
[orchestrator] flow-advance atom: silver-quality-gates (composer=silver-feature)
[orchestrator] flow-advance atom: silver-context (composer=silver-feature)
[orchestrator] flow-advance atom: silver-plan (composer=silver-feature)
[orchestrator] flow-advance atom: silver-validate (composer=silver-feature)
[orchestrator] flow-advance atom: silver-execute (composer=silver-feature)
[orchestrator] flow-advance atom: silver-review-request (composer=silver-feature)
[orchestrator] flow-advance atom: silver-review (composer=silver-feature)
[orchestrator] flow-advance atom: silver-review-triage (composer=silver-feature)
[orchestrator] flow-advance atom: silver-verify (composer=silver-feature)
[orchestrator] flow-advance atom: security (composer=silver-feature)
[orchestrator] flow-advance atom: silver-secure (composer=silver-feature)
[orchestrator] flow-advance atom: silver-validate (composer=silver-feature)
[orchestrator] flow-advance atom: silver-quality-gates (composer=silver-feature)
[orchestrator] flow-advance atom: silver-branch-finish (composer=silver-feature)
[orchestrator] flow-advance atom: silver-completion-audit (composer=silver-feature)
[orchestrator] flow-advance atom: silver-ship (composer=silver-feature)
[orchestrator] flow-advance atom: silver-quality-gates (composer=silver-release)
[orchestrator] flow-advance atom: silver-review-request (composer=silver-release)
[orchestrator] flow-advance atom: silver-review (composer=silver-release)
[orchestrator] flow-advance atom: silver-review-triage (composer=silver-release)
[orchestrator] flow-advance atom: silver-verify (composer=silver-release)
[orchestrator] flow-advance atom: security (composer=silver-release)
[orchestrator] flow-advance atom: silver-secure (composer=silver-release)
[orchestrator] flow-advance atom: silver-validate (composer=silver-release)
[orchestrator] flow-advance atom: silver-branch-finish (composer=silver-release)
[orchestrator] flow-advance atom: silver-completion-audit (composer=silver-release)
[orchestrator] flow-advance atom: silver-ship (composer=silver-release)
[orchestrator] flow-advance atom: silver-create-release (composer=silver-release)
[verify] composer_start events: 4
[verify] WF-SILVER-FEATURE → WF-SILVER-DEVOPS → WF-SILVER-RELEASE multi-workflow chain
[worker] worker completed — workflow_complete: true
[graphify] graphify update . (post cold verify)
VERDICT: cold verify complete — score with sb-tri-criteria-e2e.sh score
