# TC-02 Live Verify — 20260706T001004Z-TC-02
# Fixture: enterprise-grade-test-app | SB sha: d46409736640 | fixture sha: d07e6a0ed5bb
# bootstrap-orchestrator-track.sh: NOT USED (live verify)
# SB_RUNTIME_PRESERVE_STATE_DIR=1 state: /Users/shafqat/.cursor/.silver-bullet/tri-criteria-live-20260706T001004Z-TC-02
# execution_model: Cursor parent orchestrator + Task workers (model=composer-2.5)

[session] product gate check before orchestrator drain
[verify] product gate PASS for TC-02 (fixture sha: d07e6a0ed5bb)
[session] TC-02 observability-only — dynamic substitute/prune via scheduler
[orchestrator] sb_scheduler_apply_observability_tailoring recorded runtime ops:
[orchestrator] DR-SUBSTITUTE-LEANER-WORKFLOW → WF-SILVER-FAST
[orchestrator] DR-PRUNE-SATISFIED-ATOM → pruned AF-EXECUTE + AF-UI
[orchestrator] Task worker spawned: template=FAST-OBS skill=silver-fast model=composer-2.5
[worker] delegated SB worker completed — FAST-OBS
[orchestrator] Task worker spawned: template=FLOW-QUALITY-GATE skill=silver-quality-gates model=composer-2.5
[worker] delegated SB worker completed — FLOW-QUALITY-GATE
[orchestrator] flow-advance atom: silver-quality-gates (composer=silver-fast)
[orchestrator] Task worker spawned: template=silver-plan skill=silver-plan model=composer-2.5
[worker] delegated SB worker completed — silver-plan
[orchestrator] flow-advance atom: silver-plan (composer=silver-fast)
[orchestrator] Task worker spawned: template=silver-validate skill=silver-validate model=composer-2.5
[worker] delegated SB worker completed — silver-validate
[orchestrator] flow-advance atom: silver-validate (composer=silver-fast)
[orchestrator] Task worker spawned: template=silver-execute skill=silver-execute model=composer-2.5
[worker] delegated SB worker completed — silver-execute
[orchestrator] flow-advance atom: silver-execute (composer=silver-fast)
[orchestrator] Task worker spawned: template=silver-verify skill=silver-verify model=composer-2.5
[worker] delegated SB worker completed — silver-verify
[orchestrator] flow-advance atom: silver-verify (composer=silver-fast)
[verify] composer_start events: 1
[graphify] graphify update . (post live verify)
workflow_complete: true
VERDICT: live verify complete — score with sb-tri-criteria-e2e.sh score
