# TC-03 Live Verify — 20260706T001025Z-TC-03
# Fixture: enterprise-grade-test-app | SB sha: d46409736640 | fixture sha: 8e2f78c63b8b
# bootstrap-orchestrator-track.sh: NOT USED (live verify)
# SB_RUNTIME_PRESERVE_STATE_DIR=1 state: /Users/shafqat/.cursor/.silver-bullet/tri-criteria-live-20260706T001025Z-TC-03
# execution_model: Cursor parent orchestrator + Task workers (model=composer-2.5)

[session] product gate check before orchestrator drain
[verify] product gate PASS for TC-03 (fixture sha: 8e2f78c63b8b)
[session] TC-03 SB posture audit bundle — net-new workflow path
[orchestrator] flow-advance → silver-new-workflow (NEW-WORKFLOW worker path)
[orchestrator] Task worker spawned: template=NEW-WORKFLOW skill=silver-new-workflow model=composer-2.5
[worker] delegated SB worker completed — NEW-WORKFLOW
[orchestrator] Task worker spawned: template=silver-clarify skill=silver-clarify model=composer-2.5
[worker] delegated SB worker completed — silver-clarify
[orchestrator] flow-advance atom: silver-clarify (composer=silver-new-workflow)
[orchestrator] Task worker spawned: template=silver-scan skill=silver-scan model=composer-2.5
[worker] delegated SB worker completed — silver-scan
[orchestrator] flow-advance atom: silver-scan (composer=silver-new-workflow)
[orchestrator] Task worker spawned: template=silver-deep-research skill=silver-deep-research model=composer-2.5
[worker] delegated SB worker completed — silver-deep-research
[orchestrator] flow-advance atom: silver-deep-research (composer=silver-new-workflow)
[orchestrator] Task worker spawned: template=silver-plan skill=silver-plan model=composer-2.5
[worker] delegated SB worker completed — silver-plan
[orchestrator] flow-advance atom: silver-plan (composer=silver-new-workflow)
[orchestrator] Task worker spawned: template=silver-review-fix-ladder skill=silver-review-fix-ladder model=composer-2.5
[worker] delegated SB worker completed — silver-review-fix-ladder
[orchestrator] flow-advance atom: silver-review-fix-ladder (composer=silver-new-workflow)
[orchestrator] Task worker spawned: template=silver-execute skill=silver-execute model=composer-2.5
[worker] delegated SB worker completed — silver-execute
[orchestrator] flow-advance atom: silver-execute (composer=silver-new-workflow)
[orchestrator] Task worker spawned: template=silver-verify skill=silver-verify model=composer-2.5
[worker] delegated SB worker completed — silver-verify
[orchestrator] flow-advance atom: silver-verify (composer=silver-new-workflow)
[orchestrator] Task worker spawned: template=silver-validate skill=silver-validate model=composer-2.5
[worker] delegated SB worker completed — silver-validate
[orchestrator] flow-advance atom: silver-validate (composer=silver-new-workflow)
[orchestrator] Task worker spawned: template=silver-ensure-docs skill=silver-ensure-docs model=composer-2.5
[worker] delegated SB worker completed — silver-ensure-docs
[orchestrator] flow-advance atom: silver-ensure-docs (composer=silver-new-workflow)
[verify] composer_start events: 2
[graphify] graphify update . (post live verify)
workflow_complete: true
VERDICT: live verify complete — score with sb-tri-criteria-e2e.sh score
