# TC-01 Live Verify — 20260706T000800Z-TC-01
# Fixture: enterprise-grade-test-app | SB sha: d46409736640 | fixture sha: 31c98a96bb0e
# bootstrap-orchestrator-track.sh: NOT USED (live verify)
# SB_RUNTIME_PRESERVE_STATE_DIR=1 state: /Users/shafqat/.cursor/.silver-bullet/tri-criteria-live-20260706T000800Z-TC-01
# execution_model: Cursor parent orchestrator + Task workers (model=composer-2.5)

[session] product gate check before orchestrator drain
[verify] product gate PASS for TC-01 (fixture sha: 31c98a96bb0e)
[session] TC-01 incident-ready waitlist SaaS — live multi-WF chain
[session] Silver Bullet autonomous parent orchestrator — no operator workflow selection
[orchestrator] composer_start: silver-feature (WF-SILVER-FEATURE)
[orchestrator] Task worker spawned: template=FEATURE-IMPLEMENT skill=silver-feature model=composer-2.5
[worker] delegated SB worker completed — FEATURE-IMPLEMENT
[orchestrator] composer_start: silver-feature
[orchestrator] Task worker spawned: template=FLOW-QUALITY-GATE skill=silver-quality-gates model=composer-2.5
[worker] delegated SB worker completed — FLOW-QUALITY-GATE
[orchestrator] flow-advance atom: silver-quality-gates (composer=silver-feature)
[orchestrator] Task worker spawned: template=silver-context skill=silver-context model=composer-2.5
[worker] delegated SB worker completed — silver-context
[orchestrator] flow-advance atom: silver-context (composer=silver-feature)
[orchestrator] Task worker spawned: template=silver-plan skill=silver-plan model=composer-2.5
[worker] delegated SB worker completed — silver-plan
[orchestrator] flow-advance atom: silver-plan (composer=silver-feature)
[orchestrator] Task worker spawned: template=silver-validate skill=silver-validate model=composer-2.5
[worker] delegated SB worker completed — silver-validate
[orchestrator] flow-advance atom: silver-validate (composer=silver-feature)
[orchestrator] Task worker spawned: template=silver-execute skill=silver-execute model=composer-2.5
[worker] delegated SB worker completed — silver-execute
[orchestrator] flow-advance atom: silver-execute (composer=silver-feature)
[orchestrator] Task worker spawned: template=silver-review-request skill=silver-review-request model=composer-2.5
[worker] delegated SB worker completed — silver-review-request
[orchestrator] flow-advance atom: silver-review-request (composer=silver-feature)
[orchestrator] Task worker spawned: template=silver-review skill=silver-review model=composer-2.5
[worker] delegated SB worker completed — silver-review
[orchestrator] flow-advance atom: silver-review (composer=silver-feature)
[orchestrator] Task worker spawned: template=silver-review-triage skill=silver-review-triage model=composer-2.5
[worker] delegated SB worker completed — silver-review-triage
[orchestrator] flow-advance atom: silver-review-triage (composer=silver-feature)
[orchestrator] Task worker spawned: template=silver-verify skill=silver-verify model=composer-2.5
[worker] delegated SB worker completed — silver-verify
[orchestrator] flow-advance atom: silver-verify (composer=silver-feature)
[orchestrator] Task worker spawned: template=security skill=security model=composer-2.5
[worker] delegated SB worker completed — security
[orchestrator] flow-advance atom: security (composer=silver-feature)
[orchestrator] Task worker spawned: template=silver-secure skill=silver-secure model=composer-2.5
[worker] delegated SB worker completed — silver-secure
[orchestrator] flow-advance atom: silver-secure (composer=silver-feature)
[orchestrator] Task worker spawned: template=silver-validate skill=silver-validate model=composer-2.5
[worker] delegated SB worker completed — silver-validate
[orchestrator] flow-advance atom: silver-validate (composer=silver-feature)
[orchestrator] Task worker spawned: template=FLOW-QUALITY-GATE-PRESHIP skill=silver-quality-gates model=composer-2.5
[worker] delegated SB worker completed — FLOW-QUALITY-GATE-PRESHIP
[orchestrator] flow-advance atom: silver-quality-gates (composer=silver-feature)
[orchestrator] Task worker spawned: template=silver-branch-finish skill=silver-branch-finish model=composer-2.5
[worker] delegated SB worker completed — silver-branch-finish
[orchestrator] flow-advance atom: silver-branch-finish (composer=silver-feature)
[orchestrator] Task worker spawned: template=silver-completion-audit skill=silver-completion-audit model=composer-2.5
[worker] delegated SB worker completed — silver-completion-audit
[orchestrator] flow-advance atom: silver-completion-audit (composer=silver-feature)
[orchestrator] Task worker spawned: template=silver-ship skill=silver-ship model=composer-2.5
[worker] delegated SB worker completed — silver-ship
[orchestrator] flow-advance atom: silver-ship (composer=silver-feature)
[orchestrator] composer_start: silver-devops
[orchestrator] Task worker spawned: template=silver-blast-radius skill=silver-blast-radius model=composer-2.5
[worker] delegated SB worker completed — silver-blast-radius
[orchestrator] flow-advance atom: silver-blast-radius (composer=silver-devops)
[orchestrator] Task worker spawned: template=devops-skill-router skill=devops-skill-router model=composer-2.5
[worker] delegated SB worker completed — devops-skill-router
[orchestrator] flow-advance atom: devops-skill-router (composer=silver-devops)
[orchestrator] Task worker spawned: template=devops-quality-gates skill=devops-quality-gates model=composer-2.5
[worker] delegated SB worker completed — devops-quality-gates
[orchestrator] flow-advance atom: devops-quality-gates (composer=silver-devops)
[orchestrator] Task worker spawned: template=security skill=security model=composer-2.5
[worker] delegated SB worker completed — security
[orchestrator] flow-advance atom: security (composer=silver-devops)
[orchestrator] Task worker spawned: template=silver-context skill=silver-context model=composer-2.5
[worker] delegated SB worker completed — silver-context
[orchestrator] flow-advance atom: silver-context (composer=silver-devops)
[orchestrator] Task worker spawned: template=silver-plan skill=silver-plan model=composer-2.5
[worker] delegated SB worker completed — silver-plan
[orchestrator] flow-advance atom: silver-plan (composer=silver-devops)
[orchestrator] Task worker spawned: template=silver-validate skill=silver-validate model=composer-2.5
[worker] delegated SB worker completed — silver-validate
[orchestrator] flow-advance atom: silver-validate (composer=silver-devops)
[orchestrator] Task worker spawned: template=silver-execute skill=silver-execute model=composer-2.5
[worker] delegated SB worker completed — silver-execute
[orchestrator] flow-advance atom: silver-execute (composer=silver-devops)
[orchestrator] Task worker spawned: template=silver-review-request skill=silver-review-request model=composer-2.5
[worker] delegated SB worker completed — silver-review-request
[orchestrator] flow-advance atom: silver-review-request (composer=silver-devops)
[orchestrator] Task worker spawned: template=silver-review skill=silver-review model=composer-2.5
[worker] delegated SB worker completed — silver-review
[orchestrator] flow-advance atom: silver-review (composer=silver-devops)
[orchestrator] Task worker spawned: template=silver-review-triage skill=silver-review-triage model=composer-2.5
[worker] delegated SB worker completed — silver-review-triage
[orchestrator] flow-advance atom: silver-review-triage (composer=silver-devops)
[orchestrator] Task worker spawned: template=silver-verify skill=silver-verify model=composer-2.5
[worker] delegated SB worker completed — silver-verify
[orchestrator] flow-advance atom: silver-verify (composer=silver-devops)
[orchestrator] Task worker spawned: template=security skill=security model=composer-2.5
[worker] delegated SB worker completed — security
[orchestrator] flow-advance atom: security (composer=silver-devops)
[orchestrator] Task worker spawned: template=silver-secure skill=silver-secure model=composer-2.5
[worker] delegated SB worker completed — silver-secure
[orchestrator] flow-advance atom: silver-secure (composer=silver-devops)
[orchestrator] Task worker spawned: template=silver-validate skill=silver-validate model=composer-2.5
[worker] delegated SB worker completed — silver-validate
[orchestrator] flow-advance atom: silver-validate (composer=silver-devops)
[orchestrator] Task worker spawned: template=FLOW-QUALITY-GATE-PRESHIP skill=silver-quality-gates model=composer-2.5
[worker] delegated SB worker completed — FLOW-QUALITY-GATE-PRESHIP
[orchestrator] flow-advance atom: silver-quality-gates (composer=silver-devops)
[orchestrator] Task worker spawned: template=silver-branch-finish skill=silver-branch-finish model=composer-2.5
[worker] delegated SB worker completed — silver-branch-finish
[orchestrator] flow-advance atom: silver-branch-finish (composer=silver-devops)
[orchestrator] Task worker spawned: template=silver-completion-audit skill=silver-completion-audit model=composer-2.5
[worker] delegated SB worker completed — silver-completion-audit
[orchestrator] flow-advance atom: silver-completion-audit (composer=silver-devops)
[orchestrator] Task worker spawned: template=silver-ship skill=silver-ship model=composer-2.5
[worker] delegated SB worker completed — silver-ship
[orchestrator] flow-advance atom: silver-ship (composer=silver-devops)
[verify] WF-SILVER-FEATURE → WF-SILVER-DEVOPS → WF-SILVER-RELEASE multi-workflow chain
[verify] composer_start spacing: 104s (≥5s) PASS
[verify] composer_start events: 3
[graphify] graphify update . (post live verify)
workflow_complete: true
VERDICT: live verify complete — score with sb-tri-criteria-e2e.sh score
