# TC-03 Cold Verify — 20260705T235249Z-TC-03
# Fixture: enterprise-grade-test-app | SB sha: d46409736640
# bootstrap-orchestrator-track.sh: NOT USED (cold verify)
# SB_RUNTIME_PRESERVE_STATE_DIR=1 state: /var/folders/d8/f43nf6b17p31q9qzj5c82_nw0000gn/T/tmp.2wjRfOKgCI/runtime

[session] TC-03 SB posture audit bundle — net-new workflow path
[session] Silver Bullet autonomous mode — NEW-WORKFLOW worker path
[orchestrator] flow-advance → silver-new-workflow (NEW-WORKFLOW worker path)
[artifact] WF-POSTURE-AUDIT.md + sb-compliance-posture-audit.sh + compliance report
[worker] delegated NEW-WORKFLOW worker completed — net-new workflow artifact
[orchestrator] flow-advance atom: silver-quality-gates (composer=silver-new-workflow)
[orchestrator] flow-advance atom: silver-context (composer=silver-new-workflow)
[orchestrator] flow-advance atom: silver-plan (composer=silver-new-workflow)
[orchestrator] flow-advance atom: silver-validate (composer=silver-new-workflow)
[orchestrator] flow-advance atom: silver-execute (composer=silver-new-workflow)
[orchestrator] flow-advance atom: silver-review-request (composer=silver-new-workflow)
[orchestrator] flow-advance atom: silver-review (composer=silver-new-workflow)
[orchestrator] flow-advance atom: silver-review-triage (composer=silver-new-workflow)
[orchestrator] flow-advance atom: silver-verify (composer=silver-new-workflow)
[orchestrator] flow-advance atom: security (composer=silver-new-workflow)
[orchestrator] flow-advance atom: silver-secure (composer=silver-new-workflow)
[orchestrator] flow-advance atom: silver-validate (composer=silver-new-workflow)
[orchestrator] flow-advance atom: silver-quality-gates (composer=silver-new-workflow)
[orchestrator] flow-advance atom: silver-branch-finish (composer=silver-new-workflow)
[orchestrator] flow-advance atom: silver-completion-audit (composer=silver-new-workflow)
[orchestrator] flow-advance atom: silver-ship (composer=silver-new-workflow)
[graphify] graphify update . (post cold verify)
VERDICT: cold verify complete — score with sb-tri-criteria-e2e.sh score
